===== Fri Sep 25 19:43:35 -03 2026 - Derrubando distconc-guilherme-marcela-consumer-1 com docker stop
distconc-guilherme-marcela-consumer-1
Aguardando 10 s para observar o rebalanço...

===== Eventos de rebalanço desde a falha
consumer-20  | 2026-09-25T22:43:38.010914158Z [REBALANÇO] consumer-15e3255a254d perdeu as partições []
consumer-20  | 2026-09-25T22:43:38.074666529Z [REBALANÇO] consumer-15e3255a254d recebeu as partições []
consumer-3   | 2026-09-25T22:43:38.033041047Z [REBALANÇO] consumer-33366a8570f2 perdeu as partições []
consumer-3   | 2026-09-25T22:43:38.074813274Z [REBALANÇO] consumer-33366a8570f2 recebeu as partições []
consumer-19  | 2026-09-25T22:43:38.015492991Z [REBALANÇO] consumer-66b6137b442c perdeu as partições [0]
consumer-19  | 2026-09-25T22:43:38.074456921Z [REBALANÇO] consumer-66b6137b442c recebeu as partições [0]
consumer-24  | 2026-09-25T22:43:38.037702542Z [REBALANÇO] consumer-24a4a1b547f6 perdeu as partições []
consumer-24  | 2026-09-25T22:43:38.072783870Z [REBALANÇO] consumer-24a4a1b547f6 recebeu as partições []
consumer-21  | 2026-09-25T22:43:38.025557087Z [REBALANÇO] consumer-acac9830627d perdeu as partições []
consumer-21  | 2026-09-25T22:43:38.075803251Z [REBALANÇO] consumer-acac9830627d recebeu as partições []
consumer-27  | 2026-09-25T22:43:38.026933490Z [REBALANÇO] consumer-60c8690f18ac perdeu as partições []
consumer-27  | 2026-09-25T22:43:38.074438403Z [REBALANÇO] consumer-60c8690f18ac recebeu as partições []
consumer-1   | 2026-09-25T22:43:35.737738400Z [REBALANÇO] consumer-f713e6b08a14 perdeu as partições []
consumer-6   | 2026-09-25T22:43:38.026519082Z [REBALANÇO] consumer-c20c2fdc5d80 perdeu as partições []
consumer-6   | 2026-09-25T22:43:38.073911473Z [REBALANÇO] consumer-c20c2fdc5d80 recebeu as partições []
consumer-18  | 2026-09-25T22:43:38.032785589Z [REBALANÇO] consumer-8979762285ff perdeu as partições []
consumer-18  | 2026-09-25T22:43:38.074387460Z [REBALANÇO] consumer-8979762285ff recebeu as partições []
consumer-10  | 2026-09-25T22:43:38.033722553Z [REBALANÇO] consumer-d5c728094122 perdeu as partições [3]
consumer-10  | 2026-09-25T22:43:38.078241581Z [REBALANÇO] consumer-d5c728094122 recebeu as partições [3]
consumer-15  | 2026-09-25T22:43:38.031364209Z [REBALANÇO] consumer-c6d6e0acf841 perdeu as partições []
consumer-15  | 2026-09-25T22:43:38.072841662Z [REBALANÇO] consumer-c6d6e0acf841 recebeu as partições []
consumer-17  | 2026-09-25T22:43:38.043554927Z [REBALANÇO] consumer-7af78767efec perdeu as partições []
consumer-17  | 2026-09-25T22:43:38.072414820Z [REBALANÇO] consumer-7af78767efec recebeu as partições []
consumer-30  | 2026-09-25T22:43:38.026710611Z [REBALANÇO] consumer-a20aa09b568f perdeu as partições []
consumer-30  | 2026-09-25T22:43:38.072849228Z [REBALANÇO] consumer-a20aa09b568f recebeu as partições []
consumer-28  | 2026-09-25T22:43:38.032677274Z [REBALANÇO] consumer-3c2142d69042 perdeu as partições []
consumer-28  | 2026-09-25T22:43:38.074013530Z [REBALANÇO] consumer-3c2142d69042 recebeu as partições []
consumer-12  | 2026-09-25T22:43:38.048686720Z [REBALANÇO] consumer-a7ce7106f1ee perdeu as partições [2]
consumer-12  | 2026-09-25T22:43:38.074128406Z [REBALANÇO] consumer-a7ce7106f1ee recebeu as partições [2]
consumer-13  | 2026-09-25T22:43:38.032917895Z [REBALANÇO] consumer-cd7fac13e368 perdeu as partições []
consumer-13  | 2026-09-25T22:43:38.074038602Z [REBALANÇO] consumer-cd7fac13e368 recebeu as partições []
consumer-26  | 2026-09-25T22:43:38.036275631Z [REBALANÇO] consumer-ebc2cc27056f perdeu as partições []
consumer-26  | 2026-09-25T22:43:38.073198707Z [REBALANÇO] consumer-ebc2cc27056f recebeu as partições []
consumer-4   | 2026-09-25T22:43:38.024066319Z [REBALANÇO] consumer-e70c175a47fd perdeu as partições []
consumer-4   | 2026-09-25T22:43:38.072802482Z [REBALANÇO] consumer-e70c175a47fd recebeu as partições []
consumer-25  | 2026-09-25T22:43:38.040503959Z [REBALANÇO] consumer-ea12c48acd50 perdeu as partições [4]
consumer-25  | 2026-09-25T22:43:38.074846905Z [REBALANÇO] consumer-ea12c48acd50 recebeu as partições [4]
consumer-14  | 2026-09-25T22:43:38.010247509Z [REBALANÇO] consumer-b71abb022b9d perdeu as partições [1]
consumer-14  | 2026-09-25T22:43:38.074158333Z [REBALANÇO] consumer-b71abb022b9d recebeu as partições [1]
consumer-5   | 2026-09-25T22:43:38.028323651Z [REBALANÇO] consumer-85c696eeb744 perdeu as partições []
consumer-5   | 2026-09-25T22:43:38.072851522Z [REBALANÇO] consumer-85c696eeb744 recebeu as partições []
consumer-16  | 2026-09-25T22:43:38.016697074Z [REBALANÇO] consumer-797d47836e42 perdeu as partições []
consumer-16  | 2026-09-25T22:43:38.074035308Z [REBALANÇO] consumer-797d47836e42 recebeu as partições []
consumer-29  | 2026-09-25T22:43:38.043090208Z [REBALANÇO] consumer-f856ec21a4be perdeu as partições []
consumer-29  | 2026-09-25T22:43:38.074090969Z [REBALANÇO] consumer-f856ec21a4be recebeu as partições []
consumer-22  | 2026-09-25T22:43:38.043538036Z [REBALANÇO] consumer-d4ee2407f35e perdeu as partições []
consumer-22  | 2026-09-25T22:43:38.072384491Z [REBALANÇO] consumer-d4ee2407f35e recebeu as partições []
consumer-2   | 2026-09-25T22:43:38.032737443Z [REBALANÇO] consumer-0d5aabb6ea72 perdeu as partições []
consumer-2   | 2026-09-25T22:43:38.072496642Z [REBALANÇO] consumer-0d5aabb6ea72 recebeu as partições []
consumer-9   | 2026-09-25T22:43:38.047810508Z [REBALANÇO] consumer-8b045a59d377 perdeu as partições [5]
consumer-9   | 2026-09-25T22:43:38.074866404Z [REBALANÇO] consumer-8b045a59d377 recebeu as partições [5]
consumer-11  | 2026-09-25T22:43:38.030604056Z [REBALANÇO] consumer-48342406b13f perdeu as partições []
consumer-11  | 2026-09-25T22:43:38.072778026Z [REBALANÇO] consumer-48342406b13f recebeu as partições []
consumer-7   | 2026-09-25T22:43:38.015938672Z [REBALANÇO] consumer-8835df5fa414 perdeu as partições []
consumer-7   | 2026-09-25T22:43:38.075512251Z [REBALANÇO] consumer-8835df5fa414 recebeu as partições []
consumer-23  | 2026-09-25T22:43:38.033022323Z [REBALANÇO] consumer-59575df6092f perdeu as partições []
consumer-23  | 2026-09-25T22:43:38.073085793Z [REBALANÇO] consumer-59575df6092f recebeu as partições []
consumer-8   | 2026-09-25T22:43:38.044164573Z [REBALANÇO] consumer-4cc65e761151 perdeu as partições []
consumer-8   | 2026-09-25T22:43:38.073967383Z [REBALANÇO] consumer-4cc65e761151 recebeu as partições []

===== Fri Sep 25 19:43:46 -03 2026 - Religando distconc-guilherme-marcela-consumer-1
distconc-guilherme-marcela-consumer-1

===== Eventos de rebalanço após a volta
consumer-27  | 2026-09-25T22:43:38.026933490Z [REBALANÇO] consumer-60c8690f18ac perdeu as partições []
consumer-27  | 2026-09-25T22:43:38.074438403Z [REBALANÇO] consumer-60c8690f18ac recebeu as partições []
consumer-27  | 2026-09-25T22:43:47.089798055Z [REBALANÇO] consumer-60c8690f18ac perdeu as partições []
consumer-27  | 2026-09-25T22:43:47.133419424Z [REBALANÇO] consumer-60c8690f18ac recebeu as partições []
consumer-22  | 2026-09-25T22:43:38.043538036Z [REBALANÇO] consumer-d4ee2407f35e perdeu as partições []
consumer-22  | 2026-09-25T22:43:38.072384491Z [REBALANÇO] consumer-d4ee2407f35e recebeu as partições []
consumer-22  | 2026-09-25T22:43:47.076158990Z [REBALANÇO] consumer-d4ee2407f35e perdeu as partições []
consumer-22  | 2026-09-25T22:43:47.132408653Z [REBALANÇO] consumer-d4ee2407f35e recebeu as partições []
consumer-15  | 2026-09-25T22:43:38.031364209Z [REBALANÇO] consumer-c6d6e0acf841 perdeu as partições []
consumer-15  | 2026-09-25T22:43:38.072841662Z [REBALANÇO] consumer-c6d6e0acf841 recebeu as partições []
consumer-15  | 2026-09-25T22:43:47.088589267Z [REBALANÇO] consumer-c6d6e0acf841 perdeu as partições []
consumer-15  | 2026-09-25T22:43:47.131319235Z [REBALANÇO] consumer-c6d6e0acf841 recebeu as partições []
consumer-30  | 2026-09-25T22:43:38.026710611Z [REBALANÇO] consumer-a20aa09b568f perdeu as partições []
consumer-30  | 2026-09-25T22:43:38.072849228Z [REBALANÇO] consumer-a20aa09b568f recebeu as partições []
consumer-30  | 2026-09-25T22:43:47.088380111Z [REBALANÇO] consumer-a20aa09b568f perdeu as partições []
consumer-30  | 2026-09-25T22:43:47.134906043Z [REBALANÇO] consumer-a20aa09b568f recebeu as partições []
consumer-6   | 2026-09-25T22:43:38.026519082Z [REBALANÇO] consumer-c20c2fdc5d80 perdeu as partições []
consumer-6   | 2026-09-25T22:43:38.073911473Z [REBALANÇO] consumer-c20c2fdc5d80 recebeu as partições []
consumer-6   | 2026-09-25T22:43:47.086158860Z [REBALANÇO] consumer-c20c2fdc5d80 perdeu as partições []
consumer-6   | 2026-09-25T22:43:47.132408031Z [REBALANÇO] consumer-c20c2fdc5d80 recebeu as partições []
consumer-2   | 2026-09-25T22:43:38.032737443Z [REBALANÇO] consumer-0d5aabb6ea72 perdeu as partições []
consumer-2   | 2026-09-25T22:43:38.072496642Z [REBALANÇO] consumer-0d5aabb6ea72 recebeu as partições []
consumer-2   | 2026-09-25T22:43:47.084913018Z [REBALANÇO] consumer-0d5aabb6ea72 perdeu as partições []
consumer-2   | 2026-09-25T22:43:47.133369727Z [REBALANÇO] consumer-0d5aabb6ea72 recebeu as partições []
consumer-3   | 2026-09-25T22:43:38.033041047Z [REBALANÇO] consumer-33366a8570f2 perdeu as partições []
consumer-3   | 2026-09-25T22:43:38.074813274Z [REBALANÇO] consumer-33366a8570f2 recebeu as partições []
consumer-3   | 2026-09-25T22:43:47.092226688Z [REBALANÇO] consumer-33366a8570f2 perdeu as partições []
consumer-3   | 2026-09-25T22:43:47.132631374Z [REBALANÇO] consumer-33366a8570f2 recebeu as partições []
consumer-23  | 2026-09-25T22:43:38.033022323Z [REBALANÇO] consumer-59575df6092f perdeu as partições []
consumer-23  | 2026-09-25T22:43:38.073085793Z [REBALANÇO] consumer-59575df6092f recebeu as partições []
consumer-23  | 2026-09-25T22:43:47.083570577Z [REBALANÇO] consumer-59575df6092f perdeu as partições []
consumer-23  | 2026-09-25T22:43:47.135486139Z [REBALANÇO] consumer-59575df6092f recebeu as partições []
consumer-8   | 2026-09-25T22:43:38.044164573Z [REBALANÇO] consumer-4cc65e761151 perdeu as partições []
consumer-8   | 2026-09-25T22:43:38.073967383Z [REBALANÇO] consumer-4cc65e761151 recebeu as partições []
consumer-8   | 2026-09-25T22:43:47.084911072Z [REBALANÇO] consumer-4cc65e761151 perdeu as partições []
consumer-8   | 2026-09-25T22:43:47.133198349Z [REBALANÇO] consumer-4cc65e761151 recebeu as partições []
consumer-26  | 2026-09-25T22:43:38.036275631Z [REBALANÇO] consumer-ebc2cc27056f perdeu as partições []
consumer-26  | 2026-09-25T22:43:38.073198707Z [REBALANÇO] consumer-ebc2cc27056f recebeu as partições []
consumer-26  | 2026-09-25T22:43:47.087826286Z [REBALANÇO] consumer-ebc2cc27056f perdeu as partições []
consumer-26  | 2026-09-25T22:43:47.131031834Z [REBALANÇO] consumer-ebc2cc27056f recebeu as partições []
consumer-17  | 2026-09-25T22:43:38.043554927Z [REBALANÇO] consumer-7af78767efec perdeu as partições []
consumer-17  | 2026-09-25T22:43:38.072414820Z [REBALANÇO] consumer-7af78767efec recebeu as partições []
consumer-17  | 2026-09-25T22:43:47.084176908Z [REBALANÇO] consumer-7af78767efec perdeu as partições []
consumer-17  | 2026-09-25T22:43:47.129911404Z [REBALANÇO] consumer-7af78767efec recebeu as partições []
consumer-28  | 2026-09-25T22:43:38.032677274Z [REBALANÇO] consumer-3c2142d69042 perdeu as partições []
consumer-28  | 2026-09-25T22:43:38.074013530Z [REBALANÇO] consumer-3c2142d69042 recebeu as partições []
consumer-28  | 2026-09-25T22:43:47.079846994Z [REBALANÇO] consumer-3c2142d69042 perdeu as partições []
consumer-28  | 2026-09-25T22:43:47.132470778Z [REBALANÇO] consumer-3c2142d69042 recebeu as partições []
consumer-1   | 2026-09-25T22:43:35.737738400Z [REBALANÇO] consumer-f713e6b08a14 perdeu as partições []
consumer-1   | 2026-09-25T22:43:47.131323605Z [REBALANÇO] consumer-f713e6b08a14 recebeu as partições [2]
consumer-10  | 2026-09-25T22:43:38.033722553Z [REBALANÇO] consumer-d5c728094122 perdeu as partições [3]
consumer-10  | 2026-09-25T22:43:38.078241581Z [REBALANÇO] consumer-d5c728094122 recebeu as partições [3]
consumer-10  | 2026-09-25T22:43:47.096327919Z [REBALANÇO] consumer-d5c728094122 perdeu as partições [3]
consumer-10  | 2026-09-25T22:43:47.135027443Z [REBALANÇO] consumer-d5c728094122 recebeu as partições [4]
consumer-20  | 2026-09-25T22:43:38.010914158Z [REBALANÇO] consumer-15e3255a254d perdeu as partições []
consumer-20  | 2026-09-25T22:43:38.074666529Z [REBALANÇO] consumer-15e3255a254d recebeu as partições []
consumer-20  | 2026-09-25T22:43:47.080924903Z [REBALANÇO] consumer-15e3255a254d perdeu as partições []
consumer-20  | 2026-09-25T22:43:47.132477180Z [REBALANÇO] consumer-15e3255a254d recebeu as partições []
consumer-4   | 2026-09-25T22:43:38.024066319Z [REBALANÇO] consumer-e70c175a47fd perdeu as partições []
consumer-4   | 2026-09-25T22:43:38.072802482Z [REBALANÇO] consumer-e70c175a47fd recebeu as partições []
consumer-4   | 2026-09-25T22:43:47.024240032Z [REBALANÇO] consumer-e70c175a47fd perdeu as partições []
consumer-4   | 2026-09-25T22:43:47.131757426Z [REBALANÇO] consumer-e70c175a47fd recebeu as partições []
consumer-5   | 2026-09-25T22:43:38.028323651Z [REBALANÇO] consumer-85c696eeb744 perdeu as partições []
consumer-5   | 2026-09-25T22:43:38.072851522Z [REBALANÇO] consumer-85c696eeb744 recebeu as partições []
consumer-5   | 2026-09-25T22:43:47.079340424Z [REBALANÇO] consumer-85c696eeb744 perdeu as partições []
consumer-5   | 2026-09-25T22:43:47.131758821Z [REBALANÇO] consumer-85c696eeb744 recebeu as partições []
consumer-14  | 2026-09-25T22:43:38.010247509Z [REBALANÇO] consumer-b71abb022b9d perdeu as partições [1]
consumer-14  | 2026-09-25T22:43:38.074158333Z [REBALANÇO] consumer-b71abb022b9d recebeu as partições [1]
consumer-14  | 2026-09-25T22:43:47.084143190Z [REBALANÇO] consumer-b71abb022b9d perdeu as partições [1]
consumer-14  | 2026-09-25T22:43:47.132495651Z [REBALANÇO] consumer-b71abb022b9d recebeu as partições [1]
consumer-21  | 2026-09-25T22:43:38.025557087Z [REBALANÇO] consumer-acac9830627d perdeu as partições []
consumer-21  | 2026-09-25T22:43:38.075803251Z [REBALANÇO] consumer-acac9830627d recebeu as partições []
consumer-21  | 2026-09-25T22:43:47.091978096Z [REBALANÇO] consumer-acac9830627d perdeu as partições []
consumer-21  | 2026-09-25T22:43:47.133368337Z [REBALANÇO] consumer-acac9830627d recebeu as partições []
consumer-25  | 2026-09-25T22:43:38.040503959Z [REBALANÇO] consumer-ea12c48acd50 perdeu as partições [4]
consumer-25  | 2026-09-25T22:43:38.074846905Z [REBALANÇO] consumer-ea12c48acd50 recebeu as partições [4]
consumer-25  | 2026-09-25T22:43:47.087846367Z [REBALANÇO] consumer-ea12c48acd50 perdeu as partições [4]
consumer-25  | 2026-09-25T22:43:47.134126545Z [REBALANÇO] consumer-ea12c48acd50 recebeu as partições [5]
consumer-11  | 2026-09-25T22:43:38.030604056Z [REBALANÇO] consumer-48342406b13f perdeu as partições []
consumer-11  | 2026-09-25T22:43:38.072778026Z [REBALANÇO] consumer-48342406b13f recebeu as partições []
consumer-11  | 2026-09-25T22:43:47.082841235Z [REBALANÇO] consumer-48342406b13f perdeu as partições []
consumer-11  | 2026-09-25T22:43:47.130715629Z [REBALANÇO] consumer-48342406b13f recebeu as partições []
consumer-12  | 2026-09-25T22:43:38.048686720Z [REBALANÇO] consumer-a7ce7106f1ee perdeu as partições [2]
consumer-12  | 2026-09-25T22:43:38.074128406Z [REBALANÇO] consumer-a7ce7106f1ee recebeu as partições [2]
consumer-12  | 2026-09-25T22:43:47.083462160Z [REBALANÇO] consumer-a7ce7106f1ee perdeu as partições [2]
consumer-12  | 2026-09-25T22:43:47.135979106Z [REBALANÇO] consumer-a7ce7106f1ee recebeu as partições [3]
consumer-24  | 2026-09-25T22:43:38.037702542Z [REBALANÇO] consumer-24a4a1b547f6 perdeu as partições []
consumer-24  | 2026-09-25T22:43:38.072783870Z [REBALANÇO] consumer-24a4a1b547f6 recebeu as partições []
consumer-24  | 2026-09-25T22:43:47.089297532Z [REBALANÇO] consumer-24a4a1b547f6 perdeu as partições []
consumer-24  | 2026-09-25T22:43:47.130775945Z [REBALANÇO] consumer-24a4a1b547f6 recebeu as partições []
consumer-7   | 2026-09-25T22:43:38.015938672Z [REBALANÇO] consumer-8835df5fa414 perdeu as partições []
consumer-7   | 2026-09-25T22:43:38.075512251Z [REBALANÇO] consumer-8835df5fa414 recebeu as partições []
consumer-7   | 2026-09-25T22:43:47.081959800Z [REBALANÇO] consumer-8835df5fa414 perdeu as partições []
consumer-7   | 2026-09-25T22:43:47.134131447Z [REBALANÇO] consumer-8835df5fa414 recebeu as partições []
consumer-19  | 2026-09-25T22:43:38.015492991Z [REBALANÇO] consumer-66b6137b442c perdeu as partições [0]
consumer-19  | 2026-09-25T22:43:38.074456921Z [REBALANÇO] consumer-66b6137b442c recebeu as partições [0]
consumer-19  | 2026-09-25T22:43:47.082091153Z [REBALANÇO] consumer-66b6137b442c perdeu as partições [0]
consumer-19  | 2026-09-25T22:43:47.130115760Z [REBALANÇO] consumer-66b6137b442c recebeu as partições [0]
consumer-29  | 2026-09-25T22:43:38.043090208Z [REBALANÇO] consumer-f856ec21a4be perdeu as partições []
consumer-29  | 2026-09-25T22:43:38.074090969Z [REBALANÇO] consumer-f856ec21a4be recebeu as partições []
consumer-29  | 2026-09-25T22:43:47.082711619Z [REBALANÇO] consumer-f856ec21a4be perdeu as partições []
consumer-29  | 2026-09-25T22:43:47.132508051Z [REBALANÇO] consumer-f856ec21a4be recebeu as partições []
consumer-13  | 2026-09-25T22:43:38.032917895Z [REBALANÇO] consumer-cd7fac13e368 perdeu as partições []
consumer-13  | 2026-09-25T22:43:38.074038602Z [REBALANÇO] consumer-cd7fac13e368 recebeu as partições []
consumer-13  | 2026-09-25T22:43:47.089432572Z [REBALANÇO] consumer-cd7fac13e368 perdeu as partições []
consumer-13  | 2026-09-25T22:43:47.132417591Z [REBALANÇO] consumer-cd7fac13e368 recebeu as partições []
consumer-18  | 2026-09-25T22:43:38.032785589Z [REBALANÇO] consumer-8979762285ff perdeu as partições []
consumer-18  | 2026-09-25T22:43:38.074387460Z [REBALANÇO] consumer-8979762285ff recebeu as partições []
consumer-18  | 2026-09-25T22:43:47.086128866Z [REBALANÇO] consumer-8979762285ff perdeu as partições []
consumer-18  | 2026-09-25T22:43:47.130589460Z [REBALANÇO] consumer-8979762285ff recebeu as partições []
consumer-16  | 2026-09-25T22:43:38.016697074Z [REBALANÇO] consumer-797d47836e42 perdeu as partições []
consumer-16  | 2026-09-25T22:43:38.074035308Z [REBALANÇO] consumer-797d47836e42 recebeu as partições []
consumer-16  | 2026-09-25T22:43:47.081272693Z [REBALANÇO] consumer-797d47836e42 perdeu as partições []
consumer-16  | 2026-09-25T22:43:47.132933572Z [REBALANÇO] consumer-797d47836e42 recebeu as partições []
consumer-9   | 2026-09-25T22:43:38.047810508Z [REBALANÇO] consumer-8b045a59d377 perdeu as partições [5]
consumer-9   | 2026-09-25T22:43:38.074866404Z [REBALANÇO] consumer-8b045a59d377 recebeu as partições [5]
consumer-9   | 2026-09-25T22:43:47.080849139Z [REBALANÇO] consumer-8b045a59d377 perdeu as partições [5]
consumer-9   | 2026-09-25T22:43:47.132396775Z [REBALANÇO] consumer-8b045a59d377 recebeu as partições []
