===== Fri Sep 25 19:36:18 -03 2026 - Estado do tópico ANTES da falha
Topic: dados-sensores	TopicId: 6zODIGJVQzKlhQlNLdPLMg	PartitionCount: 6	ReplicationFactor: 3	Configs: min.insync.replicas=2
	Topic: dados-sensores	Partition: 0	Leader: 2	Replicas: 2,3,1	Isr: 2,3,1
	Topic: dados-sensores	Partition: 1	Leader: 3	Replicas: 3,1,2	Isr: 3,1,2
	Topic: dados-sensores	Partition: 2	Leader: 1	Replicas: 1,2,3	Isr: 1,2,3
	Topic: dados-sensores	Partition: 3	Leader: 3	Replicas: 3,2,1	Isr: 3,2,1
	Topic: dados-sensores	Partition: 4	Leader: 2	Replicas: 2,1,3	Isr: 2,1,3
	Topic: dados-sensores	Partition: 5	Leader: 1	Replicas: 1,3,2	Isr: 1,3,2

===== Fri Sep 25 19:36:19 -03 2026 - Parando o broker kafka2
kafka2

===== Fri Sep 25 19:36:43 -03 2026 - Estado do tópico COM kafka2 FORA
Topic: dados-sensores	TopicId: 6zODIGJVQzKlhQlNLdPLMg	PartitionCount: 6	ReplicationFactor: 3	Configs: min.insync.replicas=2
	Topic: dados-sensores	Partition: 0	Leader: 3	Replicas: 2,3,1	Isr: 3,1
	Topic: dados-sensores	Partition: 1	Leader: 3	Replicas: 3,1,2	Isr: 3,1
	Topic: dados-sensores	Partition: 2	Leader: 1	Replicas: 1,2,3	Isr: 1,3
	Topic: dados-sensores	Partition: 3	Leader: 3	Replicas: 3,2,1	Isr: 3,1
	Topic: dados-sensores	Partition: 4	Leader: 1	Replicas: 2,1,3	Isr: 1,3
	Topic: dados-sensores	Partition: 5	Leader: 1	Replicas: 1,3,2	Isr: 1,3

===== Últimas mensagens dos produtores (devem continuar enviando)
producer-1  | Enviando: {'sensor': 'sensor-98c03ad4c36c', 'timestamp': '2026-09-25T22:36:50.000052', 'temperatura': 54.85, 'vibracao': 7.75, 'energia': 482.03}
producer-1  | Mensagem enviada para partição 2 no offset 91
producer-1  | Enviando: {'sensor': 'sensor-98c03ad4c36c', 'timestamp': '2026-09-25T22:36:52.000499', 'temperatura': 71.03, 'vibracao': 9.25, 'energia': 325.02}
producer-1  | Mensagem enviada para partição 1 no offset 92
producer-1  | Enviando: {'sensor': 'sensor-98c03ad4c36c', 'timestamp': '2026-09-25T22:36:54.001046', 'temperatura': 52.31, 'vibracao': 0.22, 'energia': 362.43}
producer-1  | Mensagem enviada para partição 1 no offset 93
producer-2  | Enviando: {'sensor': 'sensor-b608cc4773ef', 'timestamp': '2026-09-25T22:36:51.848478', 'temperatura': 72.32, 'vibracao': 6.79, 'energia': 145.86}
producer-2  | Mensagem enviada para partição 2 no offset 92
producer-2  | Enviando: {'sensor': 'sensor-b608cc4773ef', 'timestamp': '2026-09-25T22:36:53.849045', 'temperatura': 36.95, 'vibracao': 2.07, 'energia': 294.05}
producer-2  | Mensagem enviada para partição 5 no offset 123
producer-2  | Enviando: {'sensor': 'sensor-b608cc4773ef', 'timestamp': '2026-09-25T22:36:55.849673', 'temperatura': 59.83, 'vibracao': 0.22, 'energia': 338.7}
producer-2  | Mensagem enviada para partição 2 no offset 94
producer-3  | Enviando: {'sensor': 'sensor-b163150026b1', 'timestamp': '2026-09-25T22:36:50.657842', 'temperatura': 31.13, 'vibracao': 6.28, 'energia': 374.96}
producer-3  | Mensagem enviada para partição 4 no offset 99
producer-3  | Enviando: {'sensor': 'sensor-b163150026b1', 'timestamp': '2026-09-25T22:36:52.658295', 'temperatura': 83.31, 'vibracao': 7.9, 'energia': 442.37}
producer-3  | Mensagem enviada para partição 2 no offset 93
producer-3  | Enviando: {'sensor': 'sensor-b163150026b1', 'timestamp': '2026-09-25T22:36:54.658592', 'temperatura': 22.67, 'vibracao': 4.3, 'energia': 119.12}
producer-3  | Mensagem enviada para partição 1 no offset 94

===== Últimas mensagens dos consumidores (devem continuar processando)
consumer-3  | consumer-33366a8570f2 recebeu uma mensagem da partição 5 no offset 124
consumer-3  | consumer-33366a8570f2 processou dados do sensor-98c03ad4c36c: temperatura = 52.31
consumer-3  | consumer-33366a8570f2 recebeu uma mensagem da partição 5 no offset 125
consumer-3  | consumer-33366a8570f2 processou dados do sensor-b163150026b1: temperatura = 22.67
consumer-3  | consumer-33366a8570f2 recebeu uma mensagem da partição 4 no offset 100
consumer-3  | consumer-33366a8570f2 processou dados do sensor-98c03ad4c36c: temperatura = 35.22
consumer-1  | consumer-f713e6b08a14 processou dados do sensor-98c03ad4c36c: temperatura = 54.85
consumer-1  | consumer-f713e6b08a14 recebeu uma mensagem da partição 1 no offset 93
consumer-1  | consumer-f713e6b08a14 processou dados do sensor-98c03ad4c36c: temperatura = 71.03
consumer-1  | consumer-f713e6b08a14 recebeu uma mensagem da partição 1 no offset 94
consumer-1  | consumer-f713e6b08a14 processou dados do sensor-b163150026b1: temperatura = 83.31
consumer-1  | ALERTA: temperatura do sensor-b163150026b1 acima do limite (83.31 > 80.0)
consumer-2  | consumer-0d5aabb6ea72 recebeu uma mensagem da partição 2 no offset 93
consumer-2  | consumer-0d5aabb6ea72 processou dados do sensor-b163150026b1: temperatura = 31.13
consumer-2  | consumer-0d5aabb6ea72 recebeu uma mensagem da partição 2 no offset 94
consumer-2  | consumer-0d5aabb6ea72 processou dados do sensor-b608cc4773ef: temperatura = 36.95
consumer-2  | consumer-0d5aabb6ea72 recebeu uma mensagem da partição 3 no offset 99
consumer-2  | consumer-0d5aabb6ea72 processou dados do sensor-b608cc4773ef: temperatura = 59.83

===== Fri Sep 25 19:36:56 -03 2026 - Religando o broker kafka2
kafka2

===== Fri Sep 25 19:37:16 -03 2026 - Estado do tópico DEPOIS da volta de kafka2
Topic: dados-sensores	TopicId: 6zODIGJVQzKlhQlNLdPLMg	PartitionCount: 6	ReplicationFactor: 3	Configs: min.insync.replicas=2
	Topic: dados-sensores	Partition: 0	Leader: 3	Replicas: 2,3,1	Isr: 3,1,2
	Topic: dados-sensores	Partition: 1	Leader: 3	Replicas: 3,1,2	Isr: 3,1,2
	Topic: dados-sensores	Partition: 2	Leader: 1	Replicas: 1,2,3	Isr: 1,3,2
	Topic: dados-sensores	Partition: 3	Leader: 3	Replicas: 3,2,1	Isr: 3,1,2
	Topic: dados-sensores	Partition: 4	Leader: 1	Replicas: 2,1,3	Isr: 1,3,2
	Topic: dados-sensores	Partition: 5	Leader: 1	Replicas: 1,3,2	Isr: 1,3,2
